Archive member included to satisfy reference by file (symbol)

c:/program files (x86)/atollic/truestudio for stm32 9.2.0/armtools/bin/../lib/gcc/arm-atollic-eabi/6.3.1/../../../../arm-atollic-eabi/lib/armv7e-m/fpu\libc_nano.a(lib_a-init.o)
                              startup\startup_stm32f334x8.o (__libc_init_array)
c:/program files (x86)/atollic/truestudio for stm32 9.2.0/armtools/bin/../lib/gcc/arm-atollic-eabi/6.3.1/../../../../arm-atollic-eabi/lib/armv7e-m/fpu\libc_nano.a(lib_a-memcpy-stub.o)
                              Middlewares\Third_Party\FreeRTOS\Source\queue.o (memcpy)
c:/program files (x86)/atollic/truestudio for stm32 9.2.0/armtools/bin/../lib/gcc/arm-atollic-eabi/6.3.1/../../../../arm-atollic-eabi/lib/armv7e-m/fpu\libc_nano.a(lib_a-memset.o)
                              Src\gpio.o (memset)
c:/program files (x86)/atollic/truestudio for stm32 9.2.0/armtools/bin/../lib/gcc/arm-atollic-eabi/6.3.1/../../../../arm-atollic-eabi/lib/armv7e-m/fpu\libc_nano.a(lib_a-sprintf.o)
                              Src\freertos.o (sprintf)
c:/program files (x86)/atollic/truestudio for stm32 9.2.0/armtools/bin/../lib/gcc/arm-atollic-eabi/6.3.1/../../../../arm-atollic-eabi/lib/armv7e-m/fpu\libc_nano.a(lib_a-impure.o)
                              c:/program files (x86)/atollic/truestudio for stm32 9.2.0/armtools/bin/../lib/gcc/arm-atollic-eabi/6.3.1/../../../../arm-atollic-eabi/lib/armv7e-m/fpu\libc_nano.a(lib_a-sprintf.o) (_impure_ptr)
c:/program files (x86)/atollic/truestudio for stm32 9.2.0/armtools/bin/../lib/gcc/arm-atollic-eabi/6.3.1/../../../../arm-atollic-eabi/lib/armv7e-m/fpu\libc_nano.a(lib_a-nano-svfprintf.o)
                              c:/program files (x86)/atollic/truestudio for stm32 9.2.0/armtools/bin/../lib/gcc/arm-atollic-eabi/6.3.1/../../../../arm-atollic-eabi/lib/armv7e-m/fpu\libc_nano.a(lib_a-sprintf.o) (_svfprintf_r)
c:/program files (x86)/atollic/truestudio for stm32 9.2.0/armtools/bin/../lib/gcc/arm-atollic-eabi/6.3.1/../../../../arm-atollic-eabi/lib/armv7e-m/fpu\libc_nano.a(lib_a-nano-vfprintf_i.o)
                              c:/program files (x86)/atollic/truestudio for stm32 9.2.0/armtools/bin/../lib/gcc/arm-atollic-eabi/6.3.1/../../../../arm-atollic-eabi/lib/armv7e-m/fpu\libc_nano.a(lib_a-nano-svfprintf.o) (_printf_i)
c:/program files (x86)/atollic/truestudio for stm32 9.2.0/armtools/bin/../lib/gcc/arm-atollic-eabi/6.3.1/../../../../arm-atollic-eabi/lib/armv7e-m/fpu\libc_nano.a(lib_a-memchr.o)
                              c:/program files (x86)/atollic/truestudio for stm32 9.2.0/armtools/bin/../lib/gcc/arm-atollic-eabi/6.3.1/../../../../arm-atollic-eabi/lib/armv7e-m/fpu\libc_nano.a(lib_a-nano-svfprintf.o) (memchr)
c:/program files (x86)/atollic/truestudio for stm32 9.2.0/armtools/bin/../lib/gcc/arm-atollic-eabi/6.3.1/../../../../arm-atollic-eabi/lib/armv7e-m/fpu\libc_nano.a(lib_a-memmove.o)
                              c:/program files (x86)/atollic/truestudio for stm32 9.2.0/armtools/bin/../lib/gcc/arm-atollic-eabi/6.3.1/../../../../arm-atollic-eabi/lib/armv7e-m/fpu\libc_nano.a(lib_a-nano-svfprintf.o) (memmove)
c:/program files (x86)/atollic/truestudio for stm32 9.2.0/armtools/bin/../lib/gcc/arm-atollic-eabi/6.3.1/../../../../arm-atollic-eabi/lib/armv7e-m/fpu\libc_nano.a(lib_a-nano-freer.o)
                              c:/program files (x86)/atollic/truestudio for stm32 9.2.0/armtools/bin/../lib/gcc/arm-atollic-eabi/6.3.1/../../../../arm-atollic-eabi/lib/armv7e-m/fpu\libc_nano.a(lib_a-nano-svfprintf.o) (_free_r)
c:/program files (x86)/atollic/truestudio for stm32 9.2.0/armtools/bin/../lib/gcc/arm-atollic-eabi/6.3.1/../../../../arm-atollic-eabi/lib/armv7e-m/fpu\libc_nano.a(lib_a-nano-mallocr.o)
                              c:/program files (x86)/atollic/truestudio for stm32 9.2.0/armtools/bin/../lib/gcc/arm-atollic-eabi/6.3.1/../../../../arm-atollic-eabi/lib/armv7e-m/fpu\libc_nano.a(lib_a-nano-svfprintf.o) (_malloc_r)
c:/program files (x86)/atollic/truestudio for stm32 9.2.0/armtools/bin/../lib/gcc/arm-atollic-eabi/6.3.1/../../../../arm-atollic-eabi/lib/armv7e-m/fpu\libc_nano.a(lib_a-nano-reallocr.o)
                              c:/program files (x86)/atollic/truestudio for stm32 9.2.0/armtools/bin/../lib/gcc/arm-atollic-eabi/6.3.1/../../../../arm-atollic-eabi/lib/armv7e-m/fpu\libc_nano.a(lib_a-nano-svfprintf.o) (_realloc_r)
c:/program files (x86)/atollic/truestudio for stm32 9.2.0/armtools/bin/../lib/gcc/arm-atollic-eabi/6.3.1/../../../../arm-atollic-eabi/lib/armv7e-m/fpu\libc_nano.a(lib_a-sbrkr.o)
                              c:/program files (x86)/atollic/truestudio for stm32 9.2.0/armtools/bin/../lib/gcc/arm-atollic-eabi/6.3.1/../../../../arm-atollic-eabi/lib/armv7e-m/fpu\libc_nano.a(lib_a-nano-mallocr.o) (_sbrk_r)
c:/program files (x86)/atollic/truestudio for stm32 9.2.0/armtools/bin/../lib/gcc/arm-atollic-eabi/6.3.1/../../../../arm-atollic-eabi/lib/armv7e-m/fpu\libc_nano.a(lib_a-mlock.o)
[...]
Memory Configuration

Name             Origin             Length             Attributes
RAM              0x20000000         0x00003000         xrw
CCMRAM           0x10000000         0x00001000         rw
FLASH            0x08000000         0x00010000         xr
*default*        0x00000000         0xffffffff

Linker script and memory map

LOAD c:/program files (x86)/atollic/truestudio for stm32 9.2.0/armtools/bin/../lib/gcc/arm-atollic-eabi/6.3.1/armv7e-m/fpu/crti.o
LOAD c:/program files (x86)/atollic/truestudio for stm32 9.2.0/armtools/bin/../lib/gcc/arm-atollic-eabi/6.3.1/armv7e-m/fpu/crtbegin.o
LOAD Drivers\STM32F3xx_HAL_Driver\Src\stm32f3xx_hal.o
LOAD Drivers\STM32F3xx_HAL_Driver\Src\stm32f3xx_hal_cortex.o
LOAD Drivers\STM32F3xx_HAL_Driver\Src\stm32f3xx_hal_dma.o
LOAD Drivers\STM32F3xx_HAL_Driver\Src\stm32f3xx_hal_flash.o
LOAD Drivers\STM32F3xx_HAL_Driver\Src\stm32f3xx_hal_flash_ex.o
LOAD Drivers\STM32F3xx_HAL_Driver\Src\stm32f3xx_hal_gpio.o
LOAD Drivers\STM32F3xx_HAL_Driver\Src\stm32f3xx_hal_i2c.o
LOAD Drivers\STM32F3xx_HAL_Driver\Src\stm32f3xx_hal_i2c_ex.o
LOAD Drivers\STM32F3xx_HAL_Driver\Src\stm32f3xx_hal_pwr.o
LOAD Drivers\STM32F3xx_HAL_Driver\Src\stm32f3xx_hal_pwr_ex.o
LOAD Drivers\STM32F3xx_HAL_Driver\Src\stm32f3xx_hal_rcc.o
LOAD Drivers\STM32F3xx_HAL_Driver\Src\stm32f3xx_hal_rcc_ex.o
LOAD Drivers\STM32F3xx_HAL_Driver\Src\stm32f3xx_hal_tim.o
LOAD Drivers\STM32F3xx_HAL_Driver\Src\stm32f3xx_hal_tim_ex.o
LOAD Drivers\STM32F3xx_HAL_Driver\Src\stm32f3xx_hal_uart.o
LOAD Drivers\STM32F3xx_HAL_Driver\Src\stm32f3xx_hal_uart_ex.o
LOAD Middlewares\Third_Party\FreeRTOS\Source\CMSIS_RTOS\cmsis_os.o
LOAD Middlewares\Third_Party\FreeRTOS\Source\croutine.o
LOAD Middlewares\Third_Party\FreeRTOS\Source\event_groups.o
LOAD Middlewares\Third_Party\FreeRTOS\Source\list.o
LOAD Middlewares\Third_Party\FreeRTOS\Source\portable\GCC\ARM_CM4F\port.o
LOAD Middlewares\Third_Party\FreeRTOS\Source\portable\MemMang\heap_4.o
LOAD Middlewares\Third_Party\FreeRTOS\Source\queue.o
LOAD Middlewares\Third_Party\FreeRTOS\Source\tasks.o
LOAD Middlewares\Third_Party\FreeRTOS\Source\timers.o
LOAD Src\freertos.o
LOAD Src\gpio.o
LOAD Src\main.o
LOAD Src\stm32f3xx_hal_msp.o
LOAD Src\stm32f3xx_hal_timebase_tim.o
LOAD Src\stm32f3xx_it.o
LOAD Src\system_stm32f3xx.o
LOAD Src\tim.o
LOAD Src\usart.o
LOAD startup\startup_stm32f334x8.o
                0x00000080                malloc_getpagesize_P = 0x80
START GROUP
LOAD c:/program files (x86)/atollic/truestudio for stm32 9.2.0/armtools/bin/../lib/gcc/arm-atollic-eabi/6.3.1/../../../../arm-atollic-eabi/lib/armv7e-m/fpu\libc_nano.a
LOAD c:/program files (x86)/atollic/truestudio for stm32 9.2.0/armtools/bin/../lib/gcc/arm-atollic-eabi/6.3.1/../../../../arm-atollic-eabi/lib/armv7e-m/fpu\libm.a
END GROUP
START GROUP
LOAD c:/program files (x86)/atollic/truestudio for stm32 9.2.0/armtools/bin/../lib/gcc/arm-atollic-eabi/6.3.1/armv7e-m/fpu\libgcc.a
LOAD c:/program files (x86)/atollic/truestudio for stm32 9.2.0/armtools/bin/../lib/gcc/arm-atollic-eabi/6.3.1/../../../../arm-atollic-eabi/lib/armv7e-m/fpu\libc_nano.a
END GROUP
START GROUP
LOAD c:/program files (x86)/atollic/truestudio for stm32 9.2.0/armtools/bin/../lib/gcc/arm-atollic-eabi/6.3.1/armv7e-m/fpu\libgcc.a
LOAD c:/program files (x86)/atollic/truestudio for stm32 9.2.0/armtools/bin/../lib/gcc/arm-atollic-eabi/6.3.1/../../../../arm-atollic-eabi/lib/armv7e-m/fpu\libc_nano.a
LOAD c:/program files (x86)/atollic/truestudio for stm32 9.2.0/armtools/bin/../lib/gcc/arm-atollic-eabi/6.3.1/../../../../arm-atollic-eabi/lib/armv7e-m/fpu\libnosys.a
END GROUP
START GROUP
LOAD c:/program files (x86)/atollic/truestudio for stm32 9.2.0/armtools/bin/../lib/gcc/arm-atollic-eabi/6.3.1/armv7e-m/fpu\libgcc.a
LOAD c:/program files (x86)/atollic/truestudio for stm32 9.2.0/armtools/bin/../lib/gcc/arm-atollic-eabi/6.3.1/../../../../arm-atollic-eabi/lib/armv7e-m/fpu\libc_nano.a
LOAD c:/program files (x86)/atollic/truestudio for stm32 9.2.0/armtools/bin/../lib/gcc/arm-atollic-eabi/6.3.1/../../../../arm-atollic-eabi/lib/armv7e-m/fpu\libnosys.a
END GROUP
LOAD c:/program files (x86)/atollic/truestudio for stm32 9.2.0/armtools/bin/../lib/gcc/arm-atollic-eabi/6.3.1/armv7e-m/fpu/crtend.o
LOAD c:/program files (x86)/atollic/truestudio for stm32 9.2.0/armtools/bin/../lib/gcc/arm-atollic-eabi/6.3.1/armv7e-m/fpu/crtn.o
                0x20003000                _estack = 0x20003000
                0x00000200                _Min_Heap_Size = 0x200
                0x00000400                _Min_Stack_Size = 0x400

.isr_vector     0x08000000      0x188
                0x08000000                . = ALIGN (0x4)
 *(.isr_vector)
 .isr_vector    0x08000000      0x188 startup\startup_stm32f334x8.o
                0x08000000                g_pfnVectors
                0x08000188                . = ALIGN (0x4)

.text           0x08000190     0x3d1c
                0x08000190                . = ALIGN (0x4)
 *(.text)
 .text          0x08000190       0x40 c:/program files (x86)/atollic/truestudio for stm32 9.2.0/armtools/bin/../lib/gcc/arm-atollic-eabi/6.3.1/armv7e-m/fpu/crtbegin.o
 .text          0x080001d0       0xa0 c:/program files (x86)/atollic/truestudio for stm32 9.2.0/armtools/bin/../lib/gcc/arm-atollic-eabi/6.3.1/../../../../arm-atollic-eabi/lib/armv7e-m/fpu\libc_nano.a(lib_a-memchr.o)
                0x080001d0                memchr
 .text          0x08000270      0x370 c:/program files (x86)/atollic/truestudio for stm32 9.2.0/armtools/bin/../lib/gcc/arm-atollic-eabi/6.3.1/armv7e-m/fpu\libgcc.a(_arm_addsubdf3.o)
                0x08000270                __aeabi_drsub
                0x08000278                __aeabi_dsub
                0x08000278                __subdf3
                0x0800027c                __aeabi_dadd
                0x0800027c                __adddf3
                0x080004f4                __floatunsidf
                0x080004f4                __aeabi_ui2d
                0x08000514                __floatsidf
                0x08000514                __aeabi_i2d
                0x08000538                __aeabi_f2d
                0x08000538                __extendsfdf2
                0x08000574                __floatundidf
                0x08000574                __aeabi_ul2d
                0x08000584                __floatdidf
                0x08000584                __aeabi_l2d
 .text          0x080005e0      0x424 c:/program files (x86)/atollic/truestudio for stm32 9.2.0/armtools/bin/../lib/gcc/arm-atollic-eabi/6.3.1/armv7e-m/fpu\libgcc.a(_arm_muldivdf3.o)
                0x080005e0                __aeabi_dmul
                0x080005e0                __muldf3
                0x08000834                __divdf3
                0x08000834                __aeabi_ddiv
 .text          0x08000a04       0xa0 c:/program files (x86)/atollic/truestudio for stm32 9.2.0/armtools/bin/../lib/gcc/arm-atollic-eabi/6.3.1/armv7e-m/fpu\libgcc.a(_arm_truncdfsf2.o)
                0x08000a04                __truncdfsf2
                0x08000a04                __aeabi_d2f
 *(.text*)
 .text.HAL_Init
                0x08000aa4       0x24 Drivers\STM32F3xx_HAL_Driver\Src\stm32f3xx_hal.o
                0x08000aa4                HAL_Init
 .text.HAL_IncTick
                0x08000ac8       0x18 Drivers\STM32F3xx_HAL_Driver\Src\stm32f3xx_hal.o
                0x08000ac8                HAL_IncTick
 .text.HAL_GetTick
                0x08000ae0        0xc Drivers\STM32F3xx_HAL_Driver\Src\stm32f3xx_hal.o
                0x08000ae0                HAL_GetTick
 .text.HAL_NVIC_SetPriorityGrouping
                0x08000aec       0x24 Drivers\STM32F3xx_HAL_Driver\Src\stm32f3xx_hal_cortex.o
                0x08000aec                HAL_NVIC_SetPriorityGrouping
 .text.HAL_NVIC_SetPriority
                0x08000b10       0x68 Drivers\STM32F3xx_HAL_Driver\Src\stm32f3xx_hal_cortex.o
                0x08000b10                HAL_NVIC_SetPriority
 .text.HAL_NVIC_EnableIRQ
                0x08000b78       0x18 Drivers\STM32F3xx_HAL_Driver\Src\stm32f3xx_hal_cortex.o
                0x08000b78                HAL_NVIC_EnableIRQ
 .text.HAL_GPIO_Init
                0x08000b90      0x174 Drivers\STM32F3xx_HAL_Driver\Src\stm32f3xx_hal_gpio.o
                0x08000b90                HAL_GPIO_Init
 .text.HAL_GPIO_ReadPin
                0x08000d04        0xc Drivers\STM32F3xx_HAL_Driver\Src\stm32f3xx_hal_gpio.o
                0x08000d04                HAL_GPIO_ReadPin
 .text.HAL_GPIO_WritePin
                0x08000d10        0xa Drivers\STM32F3xx_HAL_Driver\Src\stm32f3xx_hal_gpio.o
                0x08000d10                HAL_GPIO_WritePin
 .text.HAL_GPIO_TogglePin
                0x08000d1a        0x8 Drivers\STM32F3xx_HAL_Driver\Src\stm32f3xx_hal_gpio.o
                0x08000d1a                HAL_GPIO_TogglePin
 *fill*         0x08000d22        0x2 
 .text.HAL_RCC_OscConfig
                0x08000d24      0x4ec Drivers\STM32F3xx_HAL_Driver\Src\stm32f3xx_hal_rcc.o
                0x08000d24                HAL_RCC_OscConfig
 .text.HAL_RCC_GetSysClockFreq
                0x08001210       0x64 Drivers\STM32F3xx_HAL_Driver\Src\stm32f3xx_hal_rcc.o
                0x08001210                HAL_RCC_GetSysClockFreq
 .text.HAL_RCC_ClockConfig
                0x08001274      0x154 Drivers\STM32F3xx_HAL_Driver\Src\stm32f3xx_hal_rcc.o
                0x08001274                HAL_RCC_ClockConfig
 .text.HAL_RCC_GetPCLK1Freq
                0x080013c8       0x30 Drivers\STM32F3xx_HAL_Driver\Src\stm32f3xx_hal_rcc.o
                0x080013c8                HAL_RCC_GetPCLK1Freq
 .text.HAL_RCC_GetPCLK2Freq
                0x080013f8       0x30 Drivers\STM32F3xx_HAL_Driver\Src\stm32f3xx_hal_rcc.o
                0x080013f8                HAL_RCC_GetPCLK2Freq
 .text.HAL_RCC_GetClockConfig
                0x08001428       0x3c Drivers\STM32F3xx_HAL_Driver\Src\stm32f3xx_hal_rcc.o
                0x08001428                HAL_RCC_GetClockConfig
 .text.HAL_TIM_Base_Start_IT
                0x08001464       0x16 Drivers\STM32F3xx_HAL_Driver\Src\stm32f3xx_hal_tim.o
                0x08001464                HAL_TIM_Base_Start_IT
 .text.HAL_TIM_Base_Stop_IT
                0x0800147a       0x2a Drivers\STM32F3xx_HAL_Driver\Src\stm32f3xx_hal_tim.o
                0x0800147a                HAL_TIM_Base_Stop_IT
 .text.HAL_TIM_OC_DelayElapsedCallback
                0x080014a4        0x2 Drivers\STM32F3xx_HAL_Driver\Src\stm32f3xx_hal_tim.o
                0x080014a4                HAL_TIM_OC_DelayElapsedCallback
 .text.HAL_TIM_IC_CaptureCallback
                0x080014a6        0x2 Drivers\STM32F3xx_HAL_Driver\Src\stm32f3xx_hal_tim.o
                0x080014a6                HAL_TIM_IC_CaptureCallback
 .text.HAL_TIM_PWM_PulseFinishedCallback
                0x080014a8        0x2 Drivers\STM32F3xx_HAL_Driver\Src\stm32f3xx_hal_tim.o
                0x080014a8                HAL_TIM_PWM_PulseFinishedCallback
 .text.HAL_TIM_TriggerCallback
                0x080014aa        0x2 Drivers\STM32F3xx_HAL_Driver\Src\stm32f3xx_hal_tim.o
                0x080014aa                HAL_TIM_TriggerCallback
 .text.HAL_TIM_IRQHandler
                0x080014ac      0x160 Drivers\STM32F3xx_HAL_Driver\Src\stm32f3xx_hal_tim.o
                0x080014ac                HAL_TIM_IRQHandler
 .text.TIM_Base_SetConfig
                0x0800160c       0x94 Drivers\STM32F3xx_HAL_Driver\Src\stm32f3xx_hal_tim.o
                0x0800160c                TIM_Base_SetConfig
 .text.HAL_TIM_Base_Init
                0x080016a0       0x34 Drivers\STM32F3xx_HAL_Driver\Src\stm32f3xx_hal_tim.o
                0x080016a0                HAL_TIM_Base_Init
 .text.TIM_ETR_SetConfig
                0x080016d4       0x14 Drivers\STM32F3xx_HAL_Driver\Src\stm32f3xx_hal_tim.o
                0x080016d4                TIM_ETR_SetConfig
 .text.HAL_TIM_ConfigClockSource
                0x080016e8      0x16c Drivers\STM32F3xx_HAL_Driver\Src\stm32f3xx_hal_tim.o
                0x080016e8                HAL_TIM_ConfigClockSource
 .text.HAL_TIMEx_MasterConfigSynchronization
                0x08001854       0x44 Drivers\STM32F3xx_HAL_Driver\Src\stm32f3xx_hal_tim_ex.o
                0x08001854                HAL_TIMEx_MasterConfigSynchronization
 .text.HAL_TIMEx_CommutationCallback
                0x08001898        0x2 Drivers\STM32F3xx_HAL_Driver\Src\stm32f3xx_hal_tim_ex.o
                0x08001898                HAL_TIMEx_CommutationCallback
 .text.HAL_TIMEx_BreakCallback
                0x0800189a        0x2 Drivers\STM32F3xx_HAL_Driver\Src\stm32f3xx_hal_tim_ex.o
                0x0800189a                HAL_TIMEx_BreakCallback
 .text.HAL_TIMEx_Break2Callback
                0x0800189c        0x2 Drivers\STM32F3xx_HAL_Driver\Src\stm32f3xx_hal_tim_ex.o
                0x0800189c                HAL_TIMEx_Break2Callback
 *fill*         0x0800189e        0x2 
 .text.UART_SetConfig
                0x080018a0      0x14c Drivers\STM32F3xx_HAL_Driver\Src\stm32f3xx_hal_uart.o
                0x080018a0                UART_SetConfig
 .text.UART_AdvFeatureConfig
                0x080019ec       0xa8 Drivers\STM32F3xx_HAL_Driver\Src\stm32f3xx_hal_uart.o
                0x080019ec                UART_AdvFeatureConfig
 .text.UART_WaitOnFlagUntilTimeout
                0x08001a94       0x62 Drivers\STM32F3xx_HAL_Driver\Src\stm32f3xx_hal_uart.o
                0x08001a94                UART_WaitOnFlagUntilTimeout
 .text.HAL_UART_Transmit
                0x08001af6       0xb2 Drivers\STM32F3xx_HAL_Driver\Src\stm32f3xx_hal_uart.o
                0x08001af6                HAL_UART_Transmit
 .text.UART_CheckIdleState
                0x08001ba8       0x64 Drivers\STM32F3xx_HAL_Driver\Src\stm32f3xx_hal_uart.o
                0x08001ba8                UART_CheckIdleState
 .text.HAL_UART_Init
                0x08001c0c       0x64 Drivers\STM32F3xx_HAL_Driver\Src\stm32f3xx_hal_uart.o
                0x08001c0c                HAL_UART_Init
 .text.osKernelStart
                0x08001c70        0xa Middlewares\Third_Party\FreeRTOS\Source\CMSIS_RTOS\cmsis_os.o
                0x08001c70                osKernelStart
 .text.osThreadCreate
                0x08001c7a       0x30 Middlewares\Third_Party\FreeRTOS\Source\CMSIS_RTOS\cmsis_os.o
                0x08001c7a                osThreadCreate
 .text.osDelay  0x08001caa       0x10 Middlewares\Third_Party\FreeRTOS\Source\CMSIS_RTOS\cmsis_os.o
                0x08001caa                osDelay
 .text.osMutexCreate
                0x08001cba        0x6 Middlewares\Third_Party\FreeRTOS\Source\CMSIS_RTOS\cmsis_os.o
                0x08001cba                osMutexCreate
 .text.vListInitialise
                0x08001cc0       0x16 Middlewares\Third_Party\FreeRTOS\Source\list.o
                0x08001cc0                vListInitialise
 .text.vListInitialiseItem
                0x08001cd6        0x6 Middlewares\Third_Party\FreeRTOS\Source\list.o
                0x08001cd6                vListInitialiseItem
 .text.vListInsertEnd
                0x08001cdc       0x18 Middlewares\Third_Party\FreeRTOS\Source\list.o
                0x08001cdc                vListInsertEnd
 .text.vListInsert
                0x08001cf4       0x2e Middlewares\Third_Party\FreeRTOS\Source\list.o
                0x08001cf4                vListInsert
 .text.uxListRemove
                0x08001d22       0x20 Middlewares\Third_Party\FreeRTOS\Source\list.o
                0x08001d22                uxListRemove
 *fill*         0x08001d42        0x2 
 .text.prvTaskExitError
                0x08001d44       0x30 Middlewares\Third_Party\FreeRTOS\Source\portable\GCC\ARM_CM4F\port.o
 .text.prvPortStartFirstTask
                0x08001d74       0x20 Middlewares\Third_Party\FreeRTOS\Source\portable\GCC\ARM_CM4F\port.o
 .text.vPortEnableVFP
                0x08001d94       0x14 Middlewares\Third_Party\FreeRTOS\Source\portable\GCC\ARM_CM4F\port.o
 .text.pxPortInitialiseStack
                0x08001da8       0x2c Middlewares\Third_Party\FreeRTOS\Source\portable\GCC\ARM_CM4F\port.o
                0x08001da8                pxPortInitialiseStack
 *fill*         0x08001dd4        0xc 
 .text.SVC_Handler
                0x08001de0       0x24 Middlewares\Third_Party\FreeRTOS\Source\portable\GCC\ARM_CM4F\port.o
                0x08001de0                SVC_Handler
 .text.vPortEnterCritical
                0x08001e04       0x44 Middlewares\Third_Party\FreeRTOS\Source\portable\GCC\ARM_CM4F\port.o
                0x08001e04                vPortEnterCritical
 .text.vPortExitCritical
                0x08001e48       0x28 Middlewares\Third_Party\FreeRTOS\Source\portable\GCC\ARM_CM4F\port.o
                0x08001e48                vPortExitCritical
 .text.PendSV_Handler
                0x08001e70       0x64 Middlewares\Third_Party\FreeRTOS\Source\portable\GCC\ARM_CM4F\port.o
                0x08001e70                PendSV_Handler
 .text.SysTick_Handler
                0x08001ed4       0x2c Middlewares\Third_Party\FreeRTOS\Source\portable\GCC\ARM_CM4F\port.o
                0x08001ed4                SysTick_Handler
 .text.vPortSetupTimerInterrupt
                0x08001f00       0x28 Middlewares\Third_Party\FreeRTOS\Source\portable\GCC\ARM_CM4F\port.o
                0x08001f00                vPortSetupTimerInterrupt
 .text.xPortStartScheduler
                0x08001f28       0xec Middlewares\Third_Party\FreeRTOS\Source\portable\GCC\ARM_CM4F\port.o
                0x08001f28                xPortStartScheduler
 .text.unlikely.prvInsertBlockIntoFreeList
                0x08002014       0x48 Middlewares\Third_Party\FreeRTOS\Source\portable\MemMang\heap_4.o
 .text.pvPortMalloc
                0x0800205c      0x11c Middlewares\Third_Party\FreeRTOS\Source\portable\MemMang\heap_4.o
                0x0800205c                pvPortMalloc
 .text.vPortFree
                0x08002178       0x70 Middlewares\Third_Party\FreeRTOS\Source\portable\MemMang\heap_4.o
                0x08002178                vPortFree
 .text.unlikely.prvCopyDataToQueue
                0x080021e8       0x66 Middlewares\Third_Party\FreeRTOS\Source\queue.o
 .text.unlikely.prvCopyDataFromQueue
                0x0800224e       0x2a Middlewares\Third_Party\FreeRTOS\Source\queue.o
 .text.prvUnlockQueue
                0x08002278       0x70 Middlewares\Third_Party\FreeRTOS\Source\queue.o
 .text.xQueueGenericReset
                0x080022e8       0x80 Middlewares\Third_Party\FreeRTOS\Source\queue.o
                0x080022e8                xQueueGenericReset
 .text.xQueueGenericCreate
                0x08002368       0x42 Middlewares\Third_Party\FreeRTOS\Source\queue.o
                0x08002368                xQueueGenericCreate
 *fill*         0x080023aa        0x2 
 .text.xQueueGenericSend
                0x080023ac      0x16c Middlewares\Third_Party\FreeRTOS\Source\queue.o
                0x080023ac                xQueueGenericSend
 .text.xQueueCreateMutex
                0x08002518       0x24 Middlewares\Third_Party\FreeRTOS\Source\queue.o
                0x08002518                xQueueCreateMutex
 .text.xQueueGenericReceive
                0x0800253c      0x188 Middlewares\Third_Party\FreeRTOS\Source\queue.o
                0x0800253c                xQueueGenericReceive
 .text.prvResetNextTaskUnblockTime
                0x080026c4       0x24 Middlewares\Third_Party\FreeRTOS\Source\tasks.o
 .text.prvAddCurrentTaskToDelayedList
                0x080026e8       0x8c Middlewares\Third_Party\FreeRTOS\Source\tasks.o
 .text.vTaskSetTimeOutState.part.5
                0x08002774       0x12 Middlewares\Third_Party\FreeRTOS\Source\tasks.o
 *fill*         0x08002786        0x2 
 .text.xTaskCreate
                0x08002788      0x1a0 Middlewares\Third_Party\FreeRTOS\Source\tasks.o
                0x08002788                xTaskCreate
 .text.vTaskStartScheduler
                0x08002928       0x78 Middlewares\Third_Party\FreeRTOS\Source\tasks.o
                0x08002928                vTaskStartScheduler
 .text.vTaskSuspendAll
                0x080029a0       0x10 Middlewares\Third_Party\FreeRTOS\Source\tasks.o
                0x080029a0                vTaskSuspendAll
 .text.xTaskIncrementTick
                0x080029b0      0x124 Middlewares\Third_Party\FreeRTOS\Source\tasks.o
                0x080029b0                xTaskIncrementTick
 .text.xTaskResumeAll
                0x08002ad4       0xf0 Middlewares\Third_Party\FreeRTOS\Source\tasks.o
                0x08002ad4                xTaskResumeAll
 .text.vTaskDelay
                0x08002bc4       0x48 Middlewares\Third_Party\FreeRTOS\Source\tasks.o
                0x08002bc4                vTaskDelay
 .text.prvIdleTask
                0x08002c0c       0x74 Middlewares\Third_Party\FreeRTOS\Source\tasks.o
 .text.vTaskSwitchContext
                0x08002c80       0x74 Middlewares\Third_Party\FreeRTOS\Source\tasks.o
                0x08002c80                vTaskSwitchContext
 .text.vTaskPlaceOnEventList
                0x08002cf4       0x34 Middlewares\Third_Party\FreeRTOS\Source\tasks.o
                0x08002cf4                vTaskPlaceOnEventList
 .text.xTaskRemoveFromEventList
                0x08002d28       0x84 Middlewares\Third_Party\FreeRTOS\Source\tasks.o
                0x08002d28                xTaskRemoveFromEventList
 .text.vTaskSetTimeOutState
                0x08002dac       0x20 Middlewares\Third_Party\FreeRTOS\Source\tasks.o
                0x08002dac                vTaskSetTimeOutState
 .text.xTaskCheckForTimeOut
                0x08002dcc       0x74 Middlewares\Third_Party\FreeRTOS\Source\tasks.o
                0x08002dcc                xTaskCheckForTimeOut
 .text.vTaskMissedYield
                0x08002e40        0xc Middlewares\Third_Party\FreeRTOS\Source\tasks.o
                0x08002e40                vTaskMissedYield
 .text.xTaskGetSchedulerState
                0x08002e4c       0x20 Middlewares\Third_Party\FreeRTOS\Source\tasks.o
                0x08002e4c                xTaskGetSchedulerState
 .text.vTaskPriorityInherit
                0x08002e6c       0x8c Middlewares\Third_Party\FreeRTOS\Source\tasks.o
                0x08002e6c                vTaskPriorityInherit
 .text.xTaskPriorityDisinherit
                0x08002ef8       0xa0 Middlewares\Third_Party\FreeRTOS\Source\tasks.o
                0x08002ef8                xTaskPriorityDisinherit
 .text.pvTaskIncrementMutexHeldCount
                0x08002f98       0x18 Middlewares\Third_Party\FreeRTOS\Source\tasks.o
                0x08002f98                pvTaskIncrementMutexHeldCount
 .text.Task_ultrasonic
                0x08002fb0       0x48 Src\freertos.o
                0x08002fb0                Task_ultrasonic
 .text.Task_Serial
                0x08002ff8       0x64 Src\freertos.o
                0x08002ff8                Task_Serial
 .text.MX_FREERTOS_Init
                0x0800305c       0x5c Src\freertos.o
                0x0800305c                MX_FREERTOS_Init
 .text.MX_GPIO_Init
                0x080030b8       0xd0 Src\gpio.o
                0x080030b8                MX_GPIO_Init
 .text.SystemClock_Config
                0x08003188       0x50 Src\main.o
                0x08003188                SystemClock_Config
 .text.startup.main
                0x080031d8       0x20 Src\main.o
                0x080031d8                main
 .text.HAL_TIM_PeriodElapsedCallback
                0x080031f8       0x14 Src\main.o
                0x080031f8                HAL_TIM_PeriodElapsedCallback
 .text.Error_Handler
                0x0800320c        0x2 Src\main.o
                0x0800320c                Error_Handler
 *fill*         0x0800320e        0x2 
 .text.HAL_MspInit
                0x08003210       0x40 Src\stm32f3xx_hal_msp.o
                0x08003210                HAL_MspInit
 .text.HAL_InitTick
                0x08003250       0x78 Src\stm32f3xx_hal_timebase_tim.o
                0x08003250                HAL_InitTick
 .text.NMI_Handler
                0x080032c8        0x2 Src\stm32f3xx_it.o
                0x080032c8                NMI_Handler
 .text.HardFault_Handler
                0x080032ca        0x2 Src\stm32f3xx_it.o
                0x080032ca                HardFault_Handler
 .text.MemManage_Handler
                0x080032cc        0x2 Src\stm32f3xx_it.o
                0x080032cc                MemManage_Handler
 .text.BusFault_Handler
                0x080032ce        0x2 Src\stm32f3xx_it.o
                0x080032ce                BusFault_Handler
 .text.UsageFault_Handler
                0x080032d0        0x2 Src\stm32f3xx_it.o
                0x080032d0                UsageFault_Handler
 .text.DebugMon_Handler
                0x080032d2        0x2 Src\stm32f3xx_it.o
                0x080032d2                DebugMon_Handler
 *fill*         0x080032d4        0x4 
 .text.TIM1_BRK_TIM15_IRQHandler
                0x080032d8       0xf8 Src\stm32f3xx_it.o
                0x080032d8                TIM1_BRK_TIM15_IRQHandler
 .text.TIM3_IRQHandler
                0x080033d0        0xc Src\stm32f3xx_it.o
                0x080033d0                TIM3_IRQHandler
 .text.SystemInit
                0x080033dc       0x68 Src\system_stm32f3xx.o
                0x080033dc                SystemInit
 .text.MX_TIM15_Init
                0x08003444       0x70 Src\tim.o
                0x08003444                MX_TIM15_Init
 .text.HAL_TIM_Base_MspInit
                0x080034b4       0x3c Src\tim.o
                0x080034b4                HAL_TIM_Base_MspInit
 .text.MX_USART2_UART_Init
                0x080034f0       0x3c Src\usart.o
                0x080034f0                MX_USART2_UART_Init
 .text.HAL_UART_MspInit
                0x0800352c       0x64 Src\usart.o
                0x0800352c                HAL_UART_MspInit
 .text.Reset_Handler
                0x08003590       0x50 startup\startup_stm32f334x8.o
                0x08003590                Reset_Handler
 .text.Default_Handler
                0x080035e0        0x2 startup\startup_stm32f334x8.o
                0x080035e0                RTC_Alarm_IRQHandler
                0x080035e0                HRTIM1_Master_IRQHandler
                0x080035e0                TIM1_CC_IRQHandler
                0x080035e0                HRTIM1_FLT_IRQHandler
                0x080035e0                PVD_IRQHandler
                0x080035e0                HRTIM1_TIMD_IRQHandler
                0x080035e0                TAMP_STAMP_IRQHandler
                0x080035e0                EXTI3_IRQHandler
                0x080035e0                EXTI0_IRQHandler
                0x080035e0                FPU_IRQHandler
                0x080035e0                CAN_TX_IRQHandler
                0x080035e0                TIM1_UP_TIM16_IRQHandler
                0x080035e0                ADC1_2_IRQHandler
                0x080035e0                HRTIM1_TIME_IRQHandler
                0x080035e0                SPI1_IRQHandler
                0x080035e0                CAN_SCE_IRQHandler
                0x080035e0                HRTIM1_TIMC_IRQHandler
                0x080035e0                DMA1_Channel4_IRQHandler
                0x080035e0                USART3_IRQHandler
                0x080035e0                DMA1_Channel7_IRQHandler
                0x080035e0                TIM7_DAC2_IRQHandler
                0x080035e0                CAN_RX1_IRQHandler
                0x080035e0                I2C1_EV_IRQHandler
                0x080035e0                DMA1_Channel6_IRQHandler
                0x080035e0                RCC_IRQHandler
                0x080035e0                DMA1_Channel1_IRQHandler
                0x080035e0                Default_Handler
                0x080035e0                EXTI15_10_IRQHandler
                0x080035e0                COMP2_IRQHandler
                0x080035e0                HRTIM1_TIMA_IRQHandler
                0x080035e0                TIM6_DAC1_IRQHandler
                0x080035e0                EXTI9_5_IRQHandler
                0x080035e0                RTC_WKUP_IRQHandler
                0x080035e0                DMA1_Channel5_IRQHandler
                0x080035e0                EXTI4_IRQHandler
                0x080035e0                HRTIM1_TIMB_IRQHandler
                0x080035e0                TIM1_TRG_COM_TIM17_IRQHandler
                0x080035e0                DMA1_Channel3_IRQHandler
                0x080035e0                WWDG_IRQHandler
                0x080035e0                TIM2_IRQHandler
                0x080035e0                EXTI1_IRQHandler
                0x080035e0                COMP4_6_IRQHandler
                0x080035e0                USART2_IRQHandler
                0x080035e0                DMA1_Channel2_IRQHandler
                0x080035e0                FLASH_IRQHandler
                0x080035e0                USART1_IRQHandler
                0x080035e0                CAN_RX0_IRQHandler
                0x080035e0                I2C1_ER_IRQHandler
                0x080035e0                EXTI2_TSC_IRQHandler
 *fill*         0x080035e2        0x2 
 .text.__libc_init_array
                0x080035e4       0x48 c:/program files (x86)/atollic/truestudio for stm32 9.2.0/armtools/bin/../lib/gcc/arm-atollic-eabi/6.3.1/../../../../arm-atollic-eabi/lib/armv7e-m/fpu\libc_nano.a(lib_a-init.o)
                0x080035e4                __libc_init_array
 .text.memcpy   0x0800362c       0x16 c:/program files (x86)/atollic/truestudio for stm32 9.2.0/armtools/bin/../lib/gcc/arm-atollic-eabi/6.3.1/../../../../arm-atollic-eabi/lib/armv7e-m/fpu\libc_nano.a(lib_a-memcpy-stub.o)
                0x0800362c                memcpy
 .text.memset   0x08003642       0x10 c:/program files (x86)/atollic/truestudio for stm32 9.2.0/armtools/bin/../lib/gcc/arm-atollic-eabi/6.3.1/../../../../arm-atollic-eabi/lib/armv7e-m/fpu\libc_nano.a(lib_a-memset.o)
                0x08003642                memset
 *fill*         0x08003652        0x2 
 .text.sprintf  0x08003654       0x48 c:/program files (x86)/atollic/truestudio for stm32 9.2.0/armtools/bin/../lib/gcc/arm-atollic-eabi/6.3.1/../../../../arm-atollic-eabi/lib/armv7e-m/fpu\libc_nano.a(lib_a-sprintf.o)
                0x08003654                siprintf
                0x08003654                sprintf
 .text.__ssputs_r
                0x0800369c       0xb6 c:/program files (x86)/atollic/truestudio for stm32 9.2.0/armtools/bin/../lib/gcc/arm-atollic-eabi/6.3.1/../../../../arm-atollic-eabi/lib/armv7e-m/fpu\libc_nano.a(lib_a-nano-svfprintf.o)
                0x0800369c                __ssputs_r
 *fill*         0x08003752        0x2 
 .text._svfprintf_r
                0x08003754      0x1e8 c:/program files (x86)/atollic/truestudio for stm32 9.2.0/armtools/bin/../lib/gcc/arm-atollic-eabi/6.3.1/../../../../arm-atollic-eabi/lib/armv7e-m/fpu\libc_nano.a(lib_a-nano-svfprintf.o)
                0x08003754                _svfiprintf_r
                0x08003754                _svfprintf_r
 .text._printf_common
                0x0800393c       0xec c:/program files (x86)/atollic/truestudio for stm32 9.2.0/armtools/bin/../lib/gcc/arm-atollic-eabi/6.3.1/../../../../arm-atollic-eabi/lib/armv7e-m/fpu\libc_nano.a(lib_a-nano-vfprintf_i.o)
                0x0800393c                _printf_common
 .text._printf_i
                0x08003a28      0x240 c:/program files (x86)/atollic/truestudio for stm32 9.2.0/armtools/bin/../lib/gcc/arm-atollic-eabi/6.3.1/../../../../arm-atollic-eabi/lib/armv7e-m/fpu\libc_nano.a(lib_a-nano-vfprintf_i.o)
                0x08003a28                _printf_i
 .text.memmove  0x08003c68       0x34 c:/program files (x86)/atollic/truestudio for stm32 9.2.0/armtools/bin/../lib/gcc/arm-atollic-eabi/6.3.1/../../../../arm-atollic-eabi/lib/armv7e-m/fpu\libc_nano.a(lib_a-memmove.o)
                0x08003c68                memmove
 .text._free_r  0x08003c9c       0x9c c:/program files (x86)/atollic/truestudio for stm32 9.2.0/armtools/bin/../lib/gcc/arm-atollic-eabi/6.3.1/../../../../arm-atollic-eabi/lib/armv7e-m/fpu\libc_nano.a(lib_a-nano-freer.o)
                0x08003c9c                _free_r
 .text._malloc_r
                0x08003d38       0xbc c:/program files (x86)/atollic/truestudio for stm32 9.2.0/armtools/bin/../lib/gcc/arm-atollic-eabi/6.3.1/../../../../arm-atollic-eabi/lib/armv7e-m/fpu\libc_nano.a(lib_a-nano-mallocr.o)
                0x08003d38                _malloc_r
 .text._realloc_r
                0x08003df4       0x4c c:/program files (x86)/atollic/truestudio for stm32 9.2.0/armtools/bin/../lib/gcc/arm-atollic-eabi/6.3.1/../../../../arm-atollic-eabi/lib/armv7e-m/fpu\libc_nano.a(lib_a-nano-reallocr.o)
                0x08003df4                _realloc_r
 .text._sbrk_r  0x08003e40       0x20 c:/program files (x86)/atollic/truestudio for stm32 9.2.0/armtools/bin/../lib/gcc/arm-atollic-eabi/6.3.1/../../../../arm-atollic-eabi/lib/armv7e-m/fpu\libc_nano.a(lib_a-sbrkr.o)
                0x08003e40                _sbrk_r
 .text.__malloc_lock
                0x08003e60        0x2 c:/program files (x86)/atollic/truestudio for stm32 9.2.0/armtools/bin/../lib/gcc/arm-atollic-eabi/6.3.1/../../../../arm-atollic-eabi/lib/armv7e-m/fpu\libc_nano.a(lib_a-mlock.o)
                0x08003e60                __malloc_lock
 .text.__malloc_unlock
                0x08003e62        0x2 c:/program files (x86)/atollic/truestudio for stm32 9.2.0/armtools/bin/../lib/gcc/arm-atollic-eabi/6.3.1/../../../../arm-atollic-eabi/lib/armv7e-m/fpu\libc_nano.a(lib_a-mlock.o)
                0x08003e62                __malloc_unlock
 .text._malloc_usable_size_r
                0x08003e64       0x12 c:/program files (x86)/atollic/truestudio for stm32 9.2.0/armtools/bin/../lib/gcc/arm-atollic-eabi/6.3.1/../../../../arm-atollic-eabi/lib/armv7e-m/fpu\libc_nano.a(lib_a-nano-msizer.o)
                0x08003e64                _malloc_usable_size_r
 *fill*         0x08003e76        0x2 
 .text._sbrk    0x08003e78       0x1c c:/program files (x86)/atollic/truestudio for stm32 9.2.0/armtools/bin/../lib/gcc/arm-atollic-eabi/6.3.1/../../../../arm-atollic-eabi/lib/armv7e-m/fpu\libnosys.a(sbrk.o)
                0x08003e78                _sbrk
 *(.glue_7)
 .glue_7        0x08003e94        0x0 linker stubs
 *(.glue_7t)
 .glue_7t       0x08003e94        0x0 linker stubs
 *(.eh_frame)
 .eh_frame      0x08003e94        0x0 c:/program files (x86)/atollic/truestudio for stm32 9.2.0/armtools/bin/../lib/gcc/arm-atollic-eabi/6.3.1/armv7e-m/fpu/crtbegin.o
 *(.init)
 .init          0x08003e94        0x4 c:/program files (x86)/atollic/truestudio for stm32 9.2.0/armtools/bin/../lib/gcc/arm-atollic-eabi/6.3.1/armv7e-m/fpu/crti.o
                0x08003e94                _init
 .init          0x08003e98        0x8 c:/program files (x86)/atollic/truestudio for stm32 9.2.0/armtools/bin/../lib/gcc/arm-atollic-eabi/6.3.1/armv7e-m/fpu/crtn.o
 *(.fini)
 .fini          0x08003ea0        0x4 c:/program files (x86)/atollic/truestudio for stm32 9.2.0/armtools/bin/../lib/gcc/arm-atollic-eabi/6.3.1/armv7e-m/fpu/crti.o
                0x08003ea0                _fini
 .fini          0x08003ea4        0x8 c:/program files (x86)/atollic/truestudio for stm32 9.2.0/armtools/bin/../lib/gcc/arm-atollic-eabi/6.3.1/armv7e-m/fpu/crtn.o
                0x08003eac                . = ALIGN (0x4)
                0x08003eac                _etext = .

.vfp11_veneer   0x08003eac        0x0
 .vfp11_veneer  0x08003eac        0x0 linker stubs

.v4_bx          0x08003eac        0x0
 .v4_bx         0x08003eac        0x0 linker stubs

.iplt           0x08003eac        0x0
 .iplt          0x08003eac        0x0 c:/program files (x86)/atollic/truestudio for stm32 9.2.0/armtools/bin/../lib/gcc/arm-atollic-eabi/6.3.1/armv7e-m/fpu/crtbegin.o

.rodata         0x08003eac       0xd4
                0x08003eac                . = ALIGN (0x4)
 *(.rodata)
 .rodata        0x08003eac       0x28 Src\freertos.o
 *(.rodata*)
 .rodata.aPLLMULFactorTable
                0x08003ed4       0x10 Drivers\STM32F3xx_HAL_Driver\Src\stm32f3xx_hal_rcc.o
                0x08003ed4                aPLLMULFactorTable
 .rodata.aPredivFactorTable
                0x08003ee4       0x10 Drivers\STM32F3xx_HAL_Driver\Src\stm32f3xx_hal_rcc.o
                0x08003ee4                aPredivFactorTable
 .rodata.CSWTCH.45
                0x08003ef4        0x4 Drivers\STM32F3xx_HAL_Driver\Src\stm32f3xx_hal_uart.o
 .rodata.vTaskStartScheduler.str1.1
                0x08003ef8        0x5 Middlewares\Third_Party\FreeRTOS\Source\tasks.o
 .rodata.Task_Serial.str1.1
                0x08003efd       0x1b Src\freertos.o
 .rodata.str1.1
                0x08003f18       0x1a Src\freertos.o
 .rodata.AHBPrescTable
                0x08003f32       0x10 Src\system_stm32f3xx.o
                0x08003f32                AHBPrescTable
 .rodata.APBPrescTable
                0x08003f42        0x8 Src\system_stm32f3xx.o
                0x08003f42                APBPrescTable
 .rodata._svfprintf_r.str1.1
                0x08003f4a       0x11 c:/program files (x86)/atollic/truestudio for stm32 9.2.0/armtools/bin/../lib/gcc/arm-atollic-eabi/6.3.1/../../../../arm-atollic-eabi/lib/armv7e-m/fpu\libc_nano.a(lib_a-nano-svfprintf.o)
 .rodata._printf_i.str1.1
                0x08003f5b       0x22 c:/program files (x86)/atollic/truestudio for stm32 9.2.0/armtools/bin/../lib/gcc/arm-atollic-eabi/6.3.1/../../../../arm-atollic-eabi/lib/armv7e-m/fpu\libc_nano.a(lib_a-nano-vfprintf_i.o)
                0x08003f80                . = ALIGN (0x4)
 *fill*         0x08003f7d        0x3 

.rel.dyn        0x08003f80        0x0
 .rel.iplt      0x08003f80        0x0 c:/program files (x86)/atollic/truestudio for stm32 9.2.0/armtools/bin/../lib/gcc/arm-atollic-eabi/6.3.1/armv7e-m/fpu/crtbegin.o

.ARM.extab
 *(.ARM.extab* .gnu.linkonce.armextab.*)

.ARM            0x08003f80        0x0
                0x08003f80                __exidx_start = .
 *(.ARM.exidx*)
                0x08003f80                __exidx_end = .

.preinit_array  0x08003f80        0x0
                0x08003f80                PROVIDE (__preinit_array_start, .)
 *(.preinit_array*)
                0x08003f80                PROVIDE (__preinit_array_end, .)

.init_array     0x08003f80        0x4
                0x08003f80                PROVIDE (__init_array_start, .)
 *(SORT(.init_array.*))
 *(.init_array*)
 .init_array    0x08003f80        0x4 c:/program files (x86)/atollic/truestudio for stm32 9.2.0/armtools/bin/../lib/gcc/arm-atollic-eabi/6.3.1/armv7e-m/fpu/crtbegin.o
                0x08003f84                PROVIDE (__init_array_end, .)

.fini_array     0x08003f84        0x4
                [!provide]                PROVIDE (__fini_array_start, .)
 *(SORT(.fini_array.*))
 *(.fini_array*)
 .fini_array    0x08003f84        0x4 c:/program files (x86)/atollic/truestudio for stm32 9.2.0/armtools/bin/../lib/gcc/arm-atollic-eabi/6.3.1/armv7e-m/fpu/crtbegin.o
                [!provide]                PROVIDE (__fini_array_end, .)
                0x08003f88                _sidata = LOADADDR (.data)

.data           0x20000000       0x74 load address 0x08003f88
                0x20000000                . = ALIGN (0x4)
                0x20000000                _sdata = .
 *(.data)
 *(.data*)
 .data.uwTickFreq
                0x20000000        0x1 Drivers\STM32F3xx_HAL_Driver\Src\stm32f3xx_hal.o
                0x20000000                uwTickFreq
 *fill*         0x20000001        0x3 
 .data.uxCriticalNesting
                0x20000004        0x4 Middlewares\Third_Party\FreeRTOS\Source\portable\GCC\ARM_CM4F\port.o
 .data.State_measure
                0x20000008        0x1 Src\stm32f3xx_it.o
                0x20000008                State_measure
 *fill*         0x20000009        0x3 
 .data.SystemCoreClock
                0x2000000c        0x4 Src\system_stm32f3xx.o
                0x2000000c                SystemCoreClock
 .data._impure_ptr
                0x20000010        0x4 c:/program files (x86)/atollic/truestudio for stm32 9.2.0/armtools/bin/../lib/gcc/arm-atollic-eabi/6.3.1/../../../../arm-atollic-eabi/lib/armv7e-m/fpu\libc_nano.a(lib_a-impure.o)
                0x20000010                _impure_ptr
 .data.impure_data
                0x20000014       0x60 c:/program files (x86)/atollic/truestudio for stm32 9.2.0/armtools/bin/../lib/gcc/arm-atollic-eabi/6.3.1/../../../../arm-atollic-eabi/lib/armv7e-m/fpu\libc_nano.a(lib_a-impure.o)
                0x20000074                . = ALIGN (0x4)
                0x20000074                _edata = .
                0x08003ffc                _siccmram = LOADADDR (.ccmram)

.igot.plt       0x20000074        0x0 load address 0x08003ffc
 .igot.plt      0x20000074        0x0 c:/program files (x86)/atollic/truestudio for stm32 9.2.0/armtools/bin/../lib/gcc/arm-atollic-eabi/6.3.1/armv7e-m/fpu/crtbegin.o

.ccmram         0x10000000        0x0 load address 0x08003ffc
                0x10000000                . = ALIGN (0x4)
                0x10000000                _sccmram = .
 *(.ccmram)
 *(.ccmram*)
                0x10000000                . = ALIGN (0x4)
                0x10000000                _eccmram = .
                0x10000000                . = ALIGN (0x4)

.bss            0x20000074      0xe88
                0x20000074                _sbss = .
                0x20000074                __bss_start__ = _sbss
 *(.bss)
 .bss           0x20000074       0x1c c:/program files (x86)/atollic/truestudio for stm32 9.2.0/armtools/bin/../lib/gcc/arm-atollic-eabi/6.3.1/armv7e-m/fpu/crtbegin.o
 *(.bss*)
 .bss.ucMaxSysCallPriority
                0x20000090        0x1 Middlewares\Third_Party\FreeRTOS\Source\portable\GCC\ARM_CM4F\port.o
 *fill*         0x20000091        0x3 
 .bss.ulMaxPRIGROUPValue
                0x20000094        0x4 Middlewares\Third_Party\FreeRTOS\Source\portable\GCC\ARM_CM4F\port.o
 .bss.pxEnd     0x20000098        0x4 Middlewares\Third_Party\FreeRTOS\Source\portable\MemMang\heap_4.o
 .bss.ucHeap    0x2000009c      0xc00 Middlewares\Third_Party\FreeRTOS\Source\portable\MemMang\heap_4.o
 .bss.xBlockAllocatedBit
                0x20000c9c        0x4 Middlewares\Third_Party\FreeRTOS\Source\portable\MemMang\heap_4.o
 .bss.xFreeBytesRemaining
                0x20000ca0        0x4 Middlewares\Third_Party\FreeRTOS\Source\portable\MemMang\heap_4.o
 .bss.xMinimumEverFreeBytesRemaining
                0x20000ca4        0x4 Middlewares\Third_Party\FreeRTOS\Source\portable\MemMang\heap_4.o
 .bss.xStart    0x20000ca8        0x8 Middlewares\Third_Party\FreeRTOS\Source\portable\MemMang\heap_4.o
 .bss.pxCurrentTCB
                0x20000cb0        0x4 Middlewares\Third_Party\FreeRTOS\Source\tasks.o
                0x20000cb0                pxCurrentTCB
 .bss.pxDelayedTaskList
                0x20000cb4        0x4 Middlewares\Third_Party\FreeRTOS\Source\tasks.o
 .bss.pxOverflowDelayedTaskList
                0x20000cb8        0x4 Middlewares\Third_Party\FreeRTOS\Source\tasks.o
 .bss.pxReadyTasksLists
                0x20000cbc       0x8c Middlewares\Third_Party\FreeRTOS\Source\tasks.o
 .bss.uxCurrentNumberOfTasks
                0x20000d48        0x4 Middlewares\Third_Party\FreeRTOS\Source\tasks.o
 .bss.uxDeletedTasksWaitingCleanUp
                0x20000d4c        0x4 Middlewares\Third_Party\FreeRTOS\Source\tasks.o
 .bss.uxPendedTicks
                0x20000d50        0x4 Middlewares\Third_Party\FreeRTOS\Source\tasks.o
 .bss.uxSchedulerSuspended
                0x20000d54        0x4 Middlewares\Third_Party\FreeRTOS\Source\tasks.o
 .bss.uxTaskNumber
                0x20000d58        0x4 Middlewares\Third_Party\FreeRTOS\Source\tasks.o
 .bss.uxTopReadyPriority
                0x20000d5c        0x4 Middlewares\Third_Party\FreeRTOS\Source\tasks.o
 .bss.xDelayedTaskList1
                0x20000d60       0x14 Middlewares\Third_Party\FreeRTOS\Source\tasks.o
 .bss.xDelayedTaskList2
                0x20000d74       0x14 Middlewares\Third_Party\FreeRTOS\Source\tasks.o
 .bss.xIdleTaskHandle
                0x20000d88        0x4 Middlewares\Third_Party\FreeRTOS\Source\tasks.o
 .bss.xNextTaskUnblockTime
                0x20000d8c        0x4 Middlewares\Third_Party\FreeRTOS\Source\tasks.o
 .bss.xNumOfOverflows
                0x20000d90        0x4 Middlewares\Third_Party\FreeRTOS\Source\tasks.o
 .bss.xPendingReadyList
                0x20000d94       0x14 Middlewares\Third_Party\FreeRTOS\Source\tasks.o
 .bss.xSchedulerRunning
                0x20000da8        0x4 Middlewares\Third_Party\FreeRTOS\Source\tasks.o
 .bss.xSuspendedTaskList
                0x20000dac       0x14 Middlewares\Third_Party\FreeRTOS\Source\tasks.o
 .bss.xTasksWaitingTermination
                0x20000dc0       0x14 Middlewares\Third_Party\FreeRTOS\Source\tasks.o
 .bss.xTickCount
                0x20000dd4        0x4 Middlewares\Third_Party\FreeRTOS\Source\tasks.o
 .bss.xYieldPending
                0x20000dd8        0x4 Middlewares\Third_Party\FreeRTOS\Source\tasks.o
 .bss.Medicion  0x20000ddc        0x4 Src\stm32f3xx_it.o
                0x20000ddc                Medicion
 .bss.Medicion_d
                0x20000de0        0x4 Src\stm32f3xx_it.o
                0x20000de0                Medicion_d
 .bss.count     0x20000de4        0x4 Src\stm32f3xx_it.o
                0x20000de4                count
 .bss.__malloc_free_list
                0x20000de8        0x4 c:/program files (x86)/atollic/truestudio for stm32 9.2.0/armtools/bin/../lib/gcc/arm-atollic-eabi/6.3.1/../../../../arm-atollic-eabi/lib/armv7e-m/fpu\libc_nano.a(lib_a-nano-mallocr.o)
                0x20000de8                __malloc_free_list
 .bss.__malloc_sbrk_start
                0x20000dec        0x4 c:/program files (x86)/atollic/truestudio for stm32 9.2.0/armtools/bin/../lib/gcc/arm-atollic-eabi/6.3.1/../../../../arm-atollic-eabi/lib/armv7e-m/fpu\libc_nano.a(lib_a-nano-mallocr.o)
                0x20000dec                __malloc_sbrk_start
 .bss.heap_end.5239
                0x20000df0        0x4 c:/program files (x86)/atollic/truestudio for stm32 9.2.0/armtools/bin/../lib/gcc/arm-atollic-eabi/6.3.1/../../../../arm-atollic-eabi/lib/armv7e-m/fpu\libnosys.a(sbrk.o)
 *(COMMON)
 COMMON         0x20000df4        0x4 Drivers\STM32F3xx_HAL_Driver\Src\stm32f3xx_hal.o
                0x20000df4                uwTick
 COMMON         0x20000df8       0x10 Src\freertos.o
                0x20000df8                TaskSerialHandle
                0x20000dfc                TaskUltrasonicHandle
                0x20000e00                Range
                0x20000e04                myMutex01Handle
 COMMON         0x20000e08       0x40 Src\stm32f3xx_hal_timebase_tim.o
                0x20000e08                htim3
 COMMON         0x20000e48       0x40 Src\tim.o
                0x20000e48                htim15
 COMMON         0x20000e88       0x70 Src\usart.o
                0x20000e88                huart2
 COMMON         0x20000ef8        0x4 c:/program files (x86)/atollic/truestudio for stm32 9.2.0/armtools/bin/../lib/gcc/arm-atollic-eabi/6.3.1/../../../../arm-atollic-eabi/lib/armv7e-m/fpu\libc_nano.a(lib_a-reent.o)
                0x20000ef8                errno
                0x20000efc                . = ALIGN (0x4)
                0x20000efc                _ebss = .
                0x20000efc                __bss_end__ = _ebss

._user_heap_stack
                0x20000efc      0x600
                0x20000efc                . = ALIGN (0x4)
                0x20000efc                PROVIDE (end, .)
                [!provide]                PROVIDE (_end, .)
                0x200010fc                . = (. + _Min_Heap_Size)
 *fill*         0x20000efc      0x200 
                0x200014fc                . = (. + _Min_Stack_Size)
 *fill*         0x200010fc      0x400 
                0x200014fc                . = ALIGN (0x4)

/DISCARD/
 libc.a(*)
 libm.a(*)
 libgcc.a(*)

.ARM.attributes
                0x00000000       0x30
 *(.ARM.attributes)
 .ARM.attributes
                0x00000000       0x22 c:/program files (x86)/atollic/truestudio for stm32 9.2.0/armtools/bin/../lib/gcc/arm-atollic-eabi/6.3.1/armv7e-m/fpu/crti.o
 .ARM.attributes
                0x00000022       0x34 c:/program files (x86)/atollic/truestudio for stm32 9.2.0/armtools/bin/../lib/gcc/arm-atollic-eabi/6.3.1/armv7e-m/fpu/crtbegin.o
 .ARM.attributes
                0x00000056       0x39 Drivers\STM32F3xx_HAL_Driver\Src\stm32f3xx_hal.o
 .ARM.attributes
                0x0000008f       0x39 Drivers\STM32F3xx_HAL_Driver\Src\stm32f3xx_hal_cortex.o
 .ARM.attributes
                0x000000c8       0x39 Drivers\STM32F3xx_HAL_Driver\Src\stm32f3xx_hal_gpio.o
 .ARM.attributes
                0x00000101       0x39 Drivers\STM32F3xx_HAL_Driver\Src\stm32f3xx_hal_rcc.o
 .ARM.attributes
                0x0000013a       0x39 Drivers\STM32F3xx_HAL_Driver\Src\stm32f3xx_hal_tim.o
 .ARM.attributes
                0x00000173       0x39 Drivers\STM32F3xx_HAL_Driver\Src\stm32f3xx_hal_tim_ex.o
 .ARM.attributes
                0x000001ac       0x39 Drivers\STM32F3xx_HAL_Driver\Src\stm32f3xx_hal_uart.o
 .ARM.attributes
                0x000001e5       0x39 Middlewares\Third_Party\FreeRTOS\Source\CMSIS_RTOS\cmsis_os.o
 .ARM.attributes
                0x0000021e       0x39 Middlewares\Third_Party\FreeRTOS\Source\list.o
 .ARM.attributes
                0x00000257       0x39 Middlewares\Third_Party\FreeRTOS\Source\portable\GCC\ARM_CM4F\port.o
 .ARM.attributes
                0x00000290       0x39 Middlewares\Third_Party\FreeRTOS\Source\portable\MemMang\heap_4.o
 .ARM.attributes
                0x000002c9       0x39 Middlewares\Third_Party\FreeRTOS\Source\queue.o
 .ARM.attributes
                0x00000302       0x39 Middlewares\Third_Party\FreeRTOS\Source\tasks.o
 .ARM.attributes
                0x0000033b       0x39 Src\freertos.o
 .ARM.attributes
                0x00000374       0x39 Src\gpio.o
 .ARM.attributes
                0x000003ad       0x39 Src\main.o
 .ARM.attributes
                0x000003e6       0x39 Src\stm32f3xx_hal_msp.o
 .ARM.attributes
                0x0000041f       0x39 Src\stm32f3xx_hal_timebase_tim.o
 .ARM.attributes
                0x00000458       0x39 Src\stm32f3xx_it.o
 .ARM.attributes
                0x00000491       0x39 Src\system_stm32f3xx.o
 .ARM.attributes
                0x000004ca       0x39 Src\tim.o
 .ARM.attributes
                0x00000503       0x39 Src\usart.o
 .ARM.attributes
                0x0000053c       0x21 startup\startup_stm32f334x8.o
 .ARM.attributes
                0x0000055d       0x34 c:/program files (x86)/atollic/truestudio for stm32 9.2.0/armtools/bin/../lib/gcc/arm-atollic-eabi/6.3.1/../../../../arm-atollic-eabi/lib/armv7e-m/fpu\libc_nano.a(lib_a-init.o)
 .ARM.attributes
                0x00000591       0x34 c:/program files (x86)/atollic/truestudio for stm32 9.2.0/armtools/bin/../lib/gcc/arm-atollic-eabi/6.3.1/../../../../arm-atollic-eabi/lib/armv7e-m/fpu\libc_nano.a(lib_a-memcpy-stub.o)
 .ARM.attributes
                0x000005c5       0x34 c:/program files (x86)/atollic/truestudio for stm32 9.2.0/armtools/bin/../lib/gcc/arm-atollic-eabi/6.3.1/../../../../arm-atollic-eabi/lib/armv7e-m/fpu\libc_nano.a(lib_a-memset.o)
 .ARM.attributes
                0x000005f9       0x34 c:/program files (x86)/atollic/truestudio for stm32 9.2.0/armtools/bin/../lib/gcc/arm-atollic-eabi/6.3.1/../../../../arm-atollic-eabi/lib/armv7e-m/fpu\libc_nano.a(lib_a-sprintf.o)
 .ARM.attributes
                0x0000062d       0x34 c:/program files (x86)/atollic/truestudio for stm32 9.2.0/armtools/bin/../lib/gcc/arm-atollic-eabi/6.3.1/../../../../arm-atollic-eabi/lib/armv7e-m/fpu\libc_nano.a(lib_a-impure.o)
 .ARM.attributes
                0x00000661       0x34 c:/program files (x86)/atollic/truestudio for stm32 9.2.0/armtools/bin/../lib/gcc/arm-atollic-eabi/6.3.1/../../../../arm-atollic-eabi/lib/armv7e-m/fpu\libc_nano.a(lib_a-nano-svfprintf.o)
 .ARM.attributes
                0x00000695       0x34 c:/program files (x86)/atollic/truestudio for stm32 9.2.0/armtools/bin/../lib/gcc/arm-atollic-eabi/6.3.1/../../../../arm-atollic-eabi/lib/armv7e-m/fpu\libc_nano.a(lib_a-nano-vfprintf_i.o)
 .ARM.attributes
                0x000006c9       0x20 c:/program files (x86)/atollic/truestudio for stm32 9.2.0/armtools/bin/../lib/gcc/arm-atollic-eabi/6.3.1/../../../../arm-atollic-eabi/lib/armv7e-m/fpu\libc_nano.a(lib_a-memchr.o)
 .ARM.attributes
                0x000006e9       0x34 c:/program files (x86)/atollic/truestudio for stm32 9.2.0/armtools/bin/../lib/gcc/arm-atollic-eabi/6.3.1/../../../../arm-atollic-eabi/lib/armv7e-m/fpu\libc_nano.a(lib_a-memmove.o)
 .ARM.attributes
                0x0000071d       0x34 c:/program files (x86)/atollic/truestudio for stm32 9.2.0/armtools/bin/../lib/gcc/arm-atollic-eabi/6.3.1/../../../../arm-atollic-eabi/lib/armv7e-m/fpu\libc_nano.a(lib_a-nano-freer.o)
 .ARM.attributes
                0x00000751       0x34 c:/program files (x86)/atollic/truestudio for stm32 9.2.0/armtools/bin/../lib/gcc/arm-atollic-eabi/6.3.1/../../../../arm-atollic-eabi/lib/armv7e-m/fpu\libc_nano.a(lib_a-nano-mallocr.o)
 .ARM.attributes
                0x00000785       0x34 c:/program files (x86)/atollic/truestudio for stm32 9.2.0/armtools/bin/../lib/gcc/arm-atollic-eabi/6.3.1/../../../../arm-atollic-eabi/lib/armv7e-m/fpu\libc_nano.a(lib_a-nano-reallocr.o)
 .ARM.attributes
                0x000007b9       0x34 c:/program files (x86)/atollic/truestudio for stm32 9.2.0/armtools/bin/../lib/gcc/arm-atollic-eabi/6.3.1/../../../../arm-atollic-eabi/lib/armv7e-m/fpu\libc_nano.a(lib_a-sbrkr.o)
 .ARM.attributes
                0x000007ed       0x34 c:/program files (x86)/atollic/truestudio for stm32 9.2.0/armtools/bin/../lib/gcc/arm-atollic-eabi/6.3.1/../../../../arm-atollic-eabi/lib/armv7e-m/fpu\libc_nano.a(lib_a-mlock.o)
 .ARM.attributes
                0x00000821       0x34 c:/program files (x86)/atollic/truestudio for stm32 9.2.0/armtools/bin/../lib/gcc/arm-atollic-eabi/6.3.1/../../../../arm-atollic-eabi/lib/armv7e-m/fpu\libc_nano.a(lib_a-nano-msizer.o)
 .ARM.attributes
                0x00000855       0x34 c:/program files (x86)/atollic/truestudio for stm32 9.2.0/armtools/bin/../lib/gcc/arm-atollic-eabi/6.3.1/../../../../arm-atollic-eabi/lib/armv7e-m/fpu\libc_nano.a(lib_a-reent.o)
 .ARM.attributes
                0x00000889       0x22 c:/program files (x86)/atollic/truestudio for stm32 9.2.0/armtools/bin/../lib/gcc/arm-atollic-eabi/6.3.1/armv7e-m/fpu\libgcc.a(_arm_addsubdf3.o)
 .ARM.attributes
                0x000008ab       0x22 c:/program files (x86)/atollic/truestudio for stm32 9.2.0/armtools/bin/../lib/gcc/arm-atollic-eabi/6.3.1/armv7e-m/fpu\libgcc.a(_arm_muldivdf3.o)
 .ARM.attributes
                0x000008cd       0x22 c:/program files (x86)/atollic/truestudio for stm32 9.2.0/armtools/bin/../lib/gcc/arm-atollic-eabi/6.3.1/armv7e-m/fpu\libgcc.a(_arm_truncdfsf2.o)
 .ARM.attributes
                0x000008ef       0x34 c:/program files (x86)/atollic/truestudio for stm32 9.2.0/armtools/bin/../lib/gcc/arm-atollic-eabi/6.3.1/../../../../arm-atollic-eabi/lib/armv7e-m/fpu\libnosys.a(sbrk.o)
 .ARM.attributes
                0x00000923       0x22 c:/program files (x86)/atollic/truestudio for stm32 9.2.0/armtools/bin/../lib/gcc/arm-atollic-eabi/6.3.1/armv7e-m/fpu/crtn.o
OUTPUT(UltrasonicRTOS.elf elf32-littlearm)

.debug_info     0x00000000    0x1f246
 .debug_info    0x00000000     0x1054 Drivers\STM32F3xx_HAL_Driver\Src\stm32f3xx_hal.o
 .debug_info    0x00001054     0x14e8 Drivers\STM32F3xx_HAL_Driver\Src\stm32f3xx_hal_cortex.o
 .debug_info    0x0000253c      0xfec Drivers\STM32F3xx_HAL_Driver\Src\stm32f3xx_hal_gpio.o
 .debug_info    0x00003528     0x1bc7 Drivers\STM32F3xx_HAL_Driver\Src\stm32f3xx_hal_rcc.o
 .debug_info    0x000050ef     0x3d64 Drivers\STM32F3xx_HAL_Driver\Src\stm32f3xx_hal_tim.o
 .debug_info    0x00008e53     0x1d97 Drivers\STM32F3xx_HAL_Driver\Src\stm32f3xx_hal_tim_ex.o
 .debug_info    0x0000abea     0x2275 Drivers\STM32F3xx_HAL_Driver\Src\stm32f3xx_hal_uart.o
 .debug_info    0x0000ce5f     0x2504 Middlewares\Third_Party\FreeRTOS\Source\CMSIS_RTOS\cmsis_os.o
 .debug_info    0x0000f363      0xac0 Middlewares\Third_Party\FreeRTOS\Source\list.o
 .debug_info    0x0000fe23      0x531 Middlewares\Third_Party\FreeRTOS\Source\portable\GCC\ARM_CM4F\port.o
 .debug_info    0x00010354      0xca5 Middlewares\Third_Party\FreeRTOS\Source\portable\MemMang\heap_4.o
 .debug_info    0x00010ff9     0x1fe1 Middlewares\Third_Party\FreeRTOS\Source\queue.o
 .debug_info    0x00012fda     0x2997 Middlewares\Third_Party\FreeRTOS\Source\tasks.o
 .debug_info    0x00015971     0x167b Src\freertos.o
 .debug_info    0x00016fec      0xce0 Src\gpio.o
 .debug_info    0x00017ccc     0x1431 Src\main.o
 .debug_info    0x000190fd      0xc21 Src\stm32f3xx_hal_msp.o
 .debug_info    0x00019d1e     0x1249 Src\stm32f3xx_hal_timebase_tim.o
 .debug_info    0x0001af67     0x1116 Src\stm32f3xx_it.o
 .debug_info    0x0001c07d      0xc74 Src\system_stm32f3xx.o
 .debug_info    0x0001ccf1     0x12c7 Src\tim.o
 .debug_info    0x0001dfb8     0x11df Src\usart.o
 .debug_info    0x0001f197       0xaf startup\startup_stm32f334x8.o

.debug_abbrev   0x00000000     0x3dcc
 .debug_abbrev  0x00000000      0x2f5 Drivers\STM32F3xx_HAL_Driver\Src\stm32f3xx_hal.o
 .debug_abbrev  0x000002f5      0x374 Drivers\STM32F3xx_HAL_Driver\Src\stm32f3xx_hal_cortex.o
 .debug_abbrev  0x00000669      0x268 Drivers\STM32F3xx_HAL_Driver\Src\stm32f3xx_hal_gpio.o
 .debug_abbrev  0x000008d1      0x358 Drivers\STM32F3xx_HAL_Driver\Src\stm32f3xx_hal_rcc.o
 .debug_abbrev  0x00000c29      0x3ab Drivers\STM32F3xx_HAL_Driver\Src\stm32f3xx_hal_tim.o
 .debug_abbrev  0x00000fd4      0x30d Drivers\STM32F3xx_HAL_Driver\Src\stm32f3xx_hal_tim_ex.o
 .debug_abbrev  0x000012e1      0x384 Drivers\STM32F3xx_HAL_Driver\Src\stm32f3xx_hal_uart.o
 .debug_abbrev  0x00001665      0x450 Middlewares\Third_Party\FreeRTOS\Source\CMSIS_RTOS\cmsis_os.o
 .debug_abbrev  0x00001ab5      0x1e3 Middlewares\Third_Party\FreeRTOS\Source\list.o
 .debug_abbrev  0x00001c98      0x211 Middlewares\Third_Party\FreeRTOS\Source\portable\GCC\ARM_CM4F\port.o
 .debug_abbrev  0x00001ea9      0x314 Middlewares\Third_Party\FreeRTOS\Source\portable\MemMang\heap_4.o
 .debug_abbrev  0x000021bd      0x3b6 Middlewares\Third_Party\FreeRTOS\Source\queue.o
 .debug_abbrev  0x00002573      0x419 Middlewares\Third_Party\FreeRTOS\Source\tasks.o
 .debug_abbrev  0x0000298c      0x27a Src\freertos.o
 .debug_abbrev  0x00002c06      0x204 Src\gpio.o
 .debug_abbrev  0x00002e0a      0x275 Src\main.o
 .debug_abbrev  0x0000307f      0x1e8 Src\stm32f3xx_hal_msp.o
 .debug_abbrev  0x00003267      0x258 Src\stm32f3xx_hal_timebase_tim.o
 .debug_abbrev  0x000034bf      0x275 Src\stm32f3xx_it.o
 .debug_abbrev  0x00003734      0x1e2 Src\system_stm32f3xx.o
 .debug_abbrev  0x00003916      0x257 Src\tim.o
 .debug_abbrev  0x00003b6d      0x24d Src\usart.o
 .debug_abbrev  0x00003dba       0x12 startup\startup_stm32f334x8.o

.debug_loc      0x00000000     0x9eed
 .debug_loc     0x00000000      0x11b Drivers\STM32F3xx_HAL_Driver\Src\stm32f3xx_hal.o
 .debug_loc     0x0000011b      0x4da Drivers\STM32F3xx_HAL_Driver\Src\stm32f3xx_hal_cortex.o
 .debug_loc     0x000005f5      0x2ba Drivers\STM32F3xx_HAL_Driver\Src\stm32f3xx_hal_gpio.o
 .debug_loc     0x000008af      0x8ea Drivers\STM32F3xx_HAL_Driver\Src\stm32f3xx_hal_rcc.o
 .debug_loc     0x00001199     0x31ea Drivers\STM32F3xx_HAL_Driver\Src\stm32f3xx_hal_tim.o
 .debug_loc     0x00004383      0xe98 Drivers\STM32F3xx_HAL_Driver\Src\stm32f3xx_hal_tim_ex.o
 .debug_loc     0x0000521b     0x146f Drivers\STM32F3xx_HAL_Driver\Src\stm32f3xx_hal_uart.o
 .debug_loc     0x0000668a     0x1038 Middlewares\Third_Party\FreeRTOS\Source\CMSIS_RTOS\cmsis_os.o
 .debug_loc     0x000076c2       0x94 Middlewares\Third_Party\FreeRTOS\Source\list.o
 .debug_loc     0x00007756       0xcf Middlewares\Third_Party\FreeRTOS\Source\portable\GCC\ARM_CM4F\port.o
 .debug_loc     0x00007825      0x390 Middlewares\Third_Party\FreeRTOS\Source\portable\MemMang\heap_4.o
 .debug_loc     0x00007bb5      0xe2b Middlewares\Third_Party\FreeRTOS\Source\queue.o
 .debug_loc     0x000089e0     0x1249 Middlewares\Third_Party\FreeRTOS\Source\tasks.o
 .debug_loc     0x00009c29       0x6c Src\freertos.o
 .debug_loc     0x00009c95       0x2c Src\main.o
 .debug_loc     0x00009cc1       0xa5 Src\stm32f3xx_hal_timebase_tim.o
 .debug_loc     0x00009d66       0xe2 Src\system_stm32f3xx.o
 .debug_loc     0x00009e48       0x4d Src\tim.o
 .debug_loc     0x00009e95       0x58 Src\usart.o

.debug_aranges  0x00000000      0xe10
 .debug_aranges
                0x00000000       0xd8 Drivers\STM32F3xx_HAL_Driver\Src\stm32f3xx_hal.o
 .debug_aranges
                0x000000d8       0x90 Drivers\STM32F3xx_HAL_Driver\Src\stm32f3xx_hal_cortex.o
 .debug_aranges
                0x00000168       0x58 Drivers\STM32F3xx_HAL_Driver\Src\stm32f3xx_hal_gpio.o
 .debug_aranges
                0x000001c0       0x88 Drivers\STM32F3xx_HAL_Driver\Src\stm32f3xx_hal_rcc.o
 .debug_aranges
                0x00000248      0x268 Drivers\STM32F3xx_HAL_Driver\Src\stm32f3xx_hal_tim.o
 .debug_aranges
                0x000004b0      0x120 Drivers\STM32F3xx_HAL_Driver\Src\stm32f3xx_hal_tim_ex.o
 .debug_aranges
                0x000005d0      0x1a0 Drivers\STM32F3xx_HAL_Driver\Src\stm32f3xx_hal_uart.o
 .debug_aranges
                0x00000770      0x190 Middlewares\Third_Party\FreeRTOS\Source\CMSIS_RTOS\cmsis_os.o
 .debug_aranges
                0x00000900       0x40 Middlewares\Third_Party\FreeRTOS\Source\list.o
 .debug_aranges
                0x00000940       0x80 Middlewares\Third_Party\FreeRTOS\Source\portable\GCC\ARM_CM4F\port.o
 .debug_aranges
                0x000009c0       0x48 Middlewares\Third_Party\FreeRTOS\Source\portable\MemMang\heap_4.o
 .debug_aranges
                0x00000a08       0xc0 Middlewares\Third_Party\FreeRTOS\Source\queue.o
 .debug_aranges
                0x00000ac8      0x170 Middlewares\Third_Party\FreeRTOS\Source\tasks.o
 .debug_aranges
                0x00000c38       0x30 Src\freertos.o
 .debug_aranges
                0x00000c68       0x20 Src\gpio.o
 .debug_aranges
                0x00000c88       0x38 Src\main.o
 .debug_aranges
                0x00000cc0       0x20 Src\stm32f3xx_hal_msp.o
 .debug_aranges
                0x00000ce0       0x30 Src\stm32f3xx_hal_timebase_tim.o
 .debug_aranges
                0x00000d10       0x50 Src\stm32f3xx_it.o
 .debug_aranges
                0x00000d60       0x28 Src\system_stm32f3xx.o
 .debug_aranges
                0x00000d88       0x30 Src\tim.o
 .debug_aranges
                0x00000db8       0x30 Src\usart.o
 .debug_aranges
                0x00000de8       0x28 startup\startup_stm32f334x8.o

.debug_ranges   0x00000000     0x1288
 .debug_ranges  0x00000000       0xc8 Drivers\STM32F3xx_HAL_Driver\Src\stm32f3xx_hal.o
 .debug_ranges  0x000000c8      0x120 Drivers\STM32F3xx_HAL_Driver\Src\stm32f3xx_hal_cortex.o
 .debug_ranges  0x000001e8       0x68 Drivers\STM32F3xx_HAL_Driver\Src\stm32f3xx_hal_gpio.o
 .debug_ranges  0x00000250      0x1d8 Drivers\STM32F3xx_HAL_Driver\Src\stm32f3xx_hal_rcc.o
 .debug_ranges  0x00000428      0x348 Drivers\STM32F3xx_HAL_Driver\Src\stm32f3xx_hal_tim.o
 .debug_ranges  0x00000770      0x110 Drivers\STM32F3xx_HAL_Driver\Src\stm32f3xx_hal_tim_ex.o
 .debug_ranges  0x00000880      0x190 Drivers\STM32F3xx_HAL_Driver\Src\stm32f3xx_hal_uart.o
 .debug_ranges  0x00000a10      0x180 Middlewares\Third_Party\FreeRTOS\Source\CMSIS_RTOS\cmsis_os.o
 .debug_ranges  0x00000b90       0x30 Middlewares\Third_Party\FreeRTOS\Source\list.o
 .debug_ranges  0x00000bc0       0x88 Middlewares\Third_Party\FreeRTOS\Source\portable\GCC\ARM_CM4F\port.o
 .debug_ranges  0x00000c48       0x38 Middlewares\Third_Party\FreeRTOS\Source\portable\MemMang\heap_4.o
 .debug_ranges  0x00000c80      0x1a0 Middlewares\Third_Party\FreeRTOS\Source\queue.o
 .debug_ranges  0x00000e20      0x270 Middlewares\Third_Party\FreeRTOS\Source\tasks.o
 .debug_ranges  0x00001090       0x20 Src\freertos.o
 .debug_ranges  0x000010b0       0x40 Src\gpio.o
 .debug_ranges  0x000010f0       0x28 Src\main.o
 .debug_ranges  0x00001118       0x40 Src\stm32f3xx_hal_msp.o
 .debug_ranges  0x00001158       0x40 Src\stm32f3xx_hal_timebase_tim.o
 .debug_ranges  0x00001198       0x40 Src\stm32f3xx_it.o
 .debug_ranges  0x000011d8       0x18 Src\system_stm32f3xx.o
 .debug_ranges  0x000011f0       0x40 Src\tim.o
 .debug_ranges  0x00001230       0x38 Src\usart.o
 .debug_ranges  0x00001268       0x20 startup\startup_stm32f334x8.o

.debug_line     0x00000000     0x8326
 .debug_line    0x00000000      0x47d Drivers\STM32F3xx_HAL_Driver\Src\stm32f3xx_hal.o
 .debug_line    0x0000047d      0x45d Drivers\STM32F3xx_HAL_Driver\Src\stm32f3xx_hal_cortex.o
 .debug_line    0x000008da      0x46c Drivers\STM32F3xx_HAL_Driver\Src\stm32f3xx_hal_gpio.o
 .debug_line    0x00000d46      0x871 Drivers\STM32F3xx_HAL_Driver\Src\stm32f3xx_hal_rcc.o
 .debug_line    0x000015b7     0x11ee Drivers\STM32F3xx_HAL_Driver\Src\stm32f3xx_hal_tim.o
 .debug_line    0x000027a5      0x910 Drivers\STM32F3xx_HAL_Driver\Src\stm32f3xx_hal_tim_ex.o
 .debug_line    0x000030b5      0xd12 Drivers\STM32F3xx_HAL_Driver\Src\stm32f3xx_hal_uart.o
 .debug_line    0x00003dc7      0x8d4 Middlewares\Third_Party\FreeRTOS\Source\CMSIS_RTOS\cmsis_os.o
 .debug_line    0x0000469b      0x368 Middlewares\Third_Party\FreeRTOS\Source\list.o
 .debug_line    0x00004a03      0x349 Middlewares\Third_Party\FreeRTOS\Source\portable\GCC\ARM_CM4F\port.o
 .debug_line    0x00004d4c      0x415 Middlewares\Third_Party\FreeRTOS\Source\portable\MemMang\heap_4.o
 .debug_line    0x00005161      0x813 Middlewares\Third_Party\FreeRTOS\Source\queue.o
 .debug_line    0x00005974      0xb87 Middlewares\Third_Party\FreeRTOS\Source\tasks.o
 .debug_line    0x000064fb      0x501 Src\freertos.o
 .debug_line    0x000069fc      0x2b3 Src\gpio.o
 .debug_line    0x00006caf      0x397 Src\main.o
 .debug_line    0x00007046      0x29b Src\stm32f3xx_hal_msp.o
 .debug_line    0x000072e1      0x33c Src\stm32f3xx_hal_timebase_tim.o
 .debug_line    0x0000761d      0x366 Src\stm32f3xx_it.o
 .debug_line    0x00007983      0x2b7 Src\system_stm32f3xx.o
 .debug_line    0x00007c3a      0x345 Src\tim.o
 .debug_line    0x00007f7f      0x328 Src\usart.o
 .debug_line    0x000082a7       0x7f startup\startup_stm32f334x8.o

.debug_str      0x00000000     0x54a6
 .debug_str     0x00000000      0xcec Drivers\STM32F3xx_HAL_Driver\Src\stm32f3xx_hal.o
                                0xd8d (size before relaxing)
 .debug_str     0x00000cec      0x2d8 Drivers\STM32F3xx_HAL_Driver\Src\stm32f3xx_hal_cortex.o
                                0xe7e (size before relaxing)
 .debug_str     0x00000fc4      0x242 Drivers\STM32F3xx_HAL_Driver\Src\stm32f3xx_hal_gpio.o
                                0x9fe (size before relaxing)
 .debug_str     0x00001206      0x315 Drivers\STM32F3xx_HAL_Driver\Src\stm32f3xx_hal_rcc.o
                                0xb6b (size before relaxing)
 .debug_str     0x0000151b     0x114b Drivers\STM32F3xx_HAL_Driver\Src\stm32f3xx_hal_tim.o
                               0x1908 (size before relaxing)
 .debug_str     0x00002666      0x5a3 Drivers\STM32F3xx_HAL_Driver\Src\stm32f3xx_hal_tim_ex.o
                               0x1343 (size before relaxing)
 .debug_str     0x00002c09      0x937 Drivers\STM32F3xx_HAL_Driver\Src\stm32f3xx_hal_uart.o
                               0x1380 (size before relaxing)
 .debug_str     0x00003540      0xb3c Middlewares\Third_Party\FreeRTOS\Source\CMSIS_RTOS\cmsis_os.o
                               0x1239 (size before relaxing)
 .debug_str     0x0000407c      0x159 Middlewares\Third_Party\FreeRTOS\Source\list.o
                                0x78a (size before relaxing)
 .debug_str     0x000041d5      0x21e Middlewares\Third_Party\FreeRTOS\Source\portable\GCC\ARM_CM4F\port.o
                                0x4b5 (size before relaxing)
 .debug_str     0x000043f3      0x1e8 Middlewares\Third_Party\FreeRTOS\Source\portable\MemMang\heap_4.o
                                0x873 (size before relaxing)
 .debug_str     0x000045db      0x46d Middlewares\Third_Party\FreeRTOS\Source\queue.o
                                0xd83 (size before relaxing)
 .debug_str     0x00004a48      0x6f3 Middlewares\Third_Party\FreeRTOS\Source\tasks.o
                               0x1285 (size before relaxing)
 .debug_str     0x0000513b      0x143 Src\freertos.o
                               0x10b4 (size before relaxing)
 .debug_str     0x0000527e       0x32 Src\gpio.o
                                0x816 (size before relaxing)
 .debug_str     0x000052b0       0x56 Src\main.o
                                0xf5f (size before relaxing)
 .debug_str     0x00005306       0x1b Src\stm32f3xx_hal_msp.o
                                0xacf (size before relaxing)
 .debug_str     0x00005321       0x50 Src\stm32f3xx_hal_timebase_tim.o
                                0xff2 (size before relaxing)
 .debug_str     0x00005371       0xa5 Src\stm32f3xx_it.o
                                0xc69 (size before relaxing)
 .debug_str     0x00005416       0x5a Src\system_stm32f3xx.o
                                0x7e8 (size before relaxing)
 .debug_str     0x00005470       0x1c Src\tim.o
                               0x1039 (size before relaxing)
 .debug_str     0x0000548c       0x1a Src\usart.o
                                0xccb (size before relaxing)

.comment        0x00000000       0x7c
 .comment       0x00000000       0x7c Drivers\STM32F3xx_HAL_Driver\Src\stm32f3xx_hal.o
                                 0x7d (size before relaxing)
 .comment       0x0000007c       0x7d Drivers\STM32F3xx_HAL_Driver\Src\stm32f3xx_hal_cortex.o
 .comment       0x0000007c       0x7d Drivers\STM32F3xx_HAL_Driver\Src\stm32f3xx_hal_gpio.o
 .comment       0x0000007c       0x7d Drivers\STM32F3xx_HAL_Driver\Src\stm32f3xx_hal_rcc.o
 .comment       0x0000007c       0x7d Drivers\STM32F3xx_HAL_Driver\Src\stm32f3xx_hal_tim.o
 .comment       0x0000007c       0x7d Drivers\STM32F3xx_HAL_Driver\Src\stm32f3xx_hal_tim_ex.o
 .comment       0x0000007c       0x7d Drivers\STM32F3xx_HAL_Driver\Src\stm32f3xx_hal_uart.o
 .comment       0x0000007c       0x7d Middlewares\Third_Party\FreeRTOS\Source\CMSIS_RTOS\cmsis_os.o
 .comment       0x0000007c       0x7d Middlewares\Third_Party\FreeRTOS\Source\list.o
 .comment       0x0000007c       0x7d Middlewares\Third_Party\FreeRTOS\Source\portable\GCC\ARM_CM4F\port.o
 .comment       0x0000007c       0x7d Middlewares\Third_Party\FreeRTOS\Source\portable\MemMang\heap_4.o
 .comment       0x0000007c       0x7d Middlewares\Third_Party\FreeRTOS\Source\queue.o
 .comment       0x0000007c       0x7d Middlewares\Third_Party\FreeRTOS\Source\tasks.o
 .comment       0x0000007c       0x7d Src\freertos.o
 .comment       0x0000007c       0x7d Src\gpio.o
 .comment       0x0000007c       0x7d Src\main.o
 .comment       0x0000007c       0x7d Src\stm32f3xx_hal_msp.o
 .comment       0x0000007c       0x7d Src\stm32f3xx_hal_timebase_tim.o
 .comment       0x0000007c       0x7d Src\stm32f3xx_it.o
 .comment       0x0000007c       0x7d Src\system_stm32f3xx.o
 .comment       0x0000007c       0x7d Src\tim.o
 .comment       0x0000007c       0x7d Src\usart.o

.debug_frame    0x00000000     0x2cb8
 .debug_frame   0x00000000      0x1d0 Drivers\STM32F3xx_HAL_Driver\Src\stm32f3xx_hal.o
 .debug_frame   0x000001d0      0x120 Drivers\STM32F3xx_HAL_Driver\Src\stm32f3xx_hal_cortex.o
 .debug_frame   0x000002f0       0xd8 Drivers\STM32F3xx_HAL_Driver\Src\stm32f3xx_hal_gpio.o
 .debug_frame   0x000003c8      0x14c Drivers\STM32F3xx_HAL_Driver\Src\stm32f3xx_hal_rcc.o
 .debug_frame   0x00000514      0x8b8 Drivers\STM32F3xx_HAL_Driver\Src\stm32f3xx_hal_tim.o
 .debug_frame   0x00000dcc      0x3e4 Drivers\STM32F3xx_HAL_Driver\Src\stm32f3xx_hal_tim_ex.o
 .debug_frame   0x000011b0      0x568 Drivers\STM32F3xx_HAL_Driver\Src\stm32f3xx_hal_uart.o
 .debug_frame   0x00001718      0x4d4 Middlewares\Third_Party\FreeRTOS\Source\CMSIS_RTOS\cmsis_os.o
 .debug_frame   0x00001bec       0x6c Middlewares\Third_Party\FreeRTOS\Source\list.o
 .debug_frame   0x00001c58       0xf0 Middlewares\Third_Party\FreeRTOS\Source\portable\GCC\ARM_CM4F\port.o
 .debug_frame   0x00001d48       0x98 Middlewares\Third_Party\FreeRTOS\Source\portable\MemMang\heap_4.o
 .debug_frame   0x00001de0      0x264 Middlewares\Third_Party\FreeRTOS\Source\queue.o
 .debug_frame   0x00002044      0x4ac Middlewares\Third_Party\FreeRTOS\Source\tasks.o
 .debug_frame   0x000024f0       0x6c Src\freertos.o
 .debug_frame   0x0000255c       0x34 Src\gpio.o
 .debug_frame   0x00002590       0x68 Src\main.o
 .debug_frame   0x000025f8       0x28 Src\stm32f3xx_hal_msp.o
 .debug_frame   0x00002620       0x50 Src\stm32f3xx_hal_timebase_tim.o
 .debug_frame   0x00002670       0xa8 Src\stm32f3xx_it.o
 .debug_frame   0x00002718       0x38 Src\system_stm32f3xx.o
 .debug_frame   0x00002750       0x54 Src\tim.o
 .debug_frame   0x000027a4       0x60 Src\usart.o
 .debug_frame   0x00002804       0x2c c:/program files (x86)/atollic/truestudio for stm32 9.2.0/armtools/bin/../lib/gcc/arm-atollic-eabi/6.3.1/../../../../arm-atollic-eabi/lib/armv7e-m/fpu\libc_nano.a(lib_a-init.o)
 .debug_frame   0x00002830       0x28 c:/program files (x86)/atollic/truestudio for stm32 9.2.0/armtools/bin/../lib/gcc/arm-atollic-eabi/6.3.1/../../../../arm-atollic-eabi/lib/armv7e-m/fpu\libc_nano.a(lib_a-memcpy-stub.o)
 .debug_frame   0x00002858       0x20 c:/program files (x86)/atollic/truestudio for stm32 9.2.0/armtools/bin/../lib/gcc/arm-atollic-eabi/6.3.1/../../../../arm-atollic-eabi/lib/armv7e-m/fpu\libc_nano.a(lib_a-memset.o)
 .debug_frame   0x00002878       0x70 c:/program files (x86)/atollic/truestudio for stm32 9.2.0/armtools/bin/../lib/gcc/arm-atollic-eabi/6.3.1/../../../../arm-atollic-eabi/lib/armv7e-m/fpu\libc_nano.a(lib_a-sprintf.o)
 .debug_frame   0x000028e8       0x90 c:/program files (x86)/atollic/truestudio for stm32 9.2.0/armtools/bin/../lib/gcc/arm-atollic-eabi/6.3.1/../../../../arm-atollic-eabi/lib/armv7e-m/fpu\libc_nano.a(lib_a-nano-svfprintf.o)
 .debug_frame   0x00002978       0x60 c:/program files (x86)/atollic/truestudio for stm32 9.2.0/armtools/bin/../lib/gcc/arm-atollic-eabi/6.3.1/../../../../arm-atollic-eabi/lib/armv7e-m/fpu\libc_nano.a(lib_a-nano-vfprintf_i.o)
 .debug_frame   0x000029d8       0x28 c:/program files (x86)/atollic/truestudio for stm32 9.2.0/armtools/bin/../lib/gcc/arm-atollic-eabi/6.3.1/../../../../arm-atollic-eabi/lib/armv7e-m/fpu\libc_nano.a(lib_a-memmove.o)
 .debug_frame   0x00002a00       0x38 c:/program files (x86)/atollic/truestudio for stm32 9.2.0/armtools/bin/../lib/gcc/arm-atollic-eabi/6.3.1/../../../../arm-atollic-eabi/lib/armv7e-m/fpu\libc_nano.a(lib_a-nano-freer.o)
 .debug_frame   0x00002a38       0x2c c:/program files (x86)/atollic/truestudio for stm32 9.2.0/armtools/bin/../lib/gcc/arm-atollic-eabi/6.3.1/../../../../arm-atollic-eabi/lib/armv7e-m/fpu\libc_nano.a(lib_a-nano-mallocr.o)
 .debug_frame   0x00002a64       0x3c c:/program files (x86)/atollic/truestudio for stm32 9.2.0/armtools/bin/../lib/gcc/arm-atollic-eabi/6.3.1/../../../../arm-atollic-eabi/lib/armv7e-m/fpu\libc_nano.a(lib_a-nano-reallocr.o)
 .debug_frame   0x00002aa0       0x2c c:/program files (x86)/atollic/truestudio for stm32 9.2.0/armtools/bin/../lib/gcc/arm-atollic-eabi/6.3.1/../../../../arm-atollic-eabi/lib/armv7e-m/fpu\libc_nano.a(lib_a-sbrkr.o)
 .debug_frame   0x00002acc       0x30 c:/program files (x86)/atollic/truestudio for stm32 9.2.0/armtools/bin/../lib/gcc/arm-atollic-eabi/6.3.1/../../../../arm-atollic-eabi/lib/armv7e-m/fpu\libc_nano.a(lib_a-mlock.o)
 .debug_frame   0x00002afc       0x20 c:/program files (x86)/atollic/truestudio for stm32 9.2.0/armtools/bin/../lib/gcc/arm-atollic-eabi/6.3.1/../../../../arm-atollic-eabi/lib/armv7e-m/fpu\libc_nano.a(lib_a-nano-msizer.o)
 .debug_frame   0x00002b1c       0x5c c:/program files (x86)/atollic/truestudio for stm32 9.2.0/armtools/bin/../lib/gcc/arm-atollic-eabi/6.3.1/../../../../arm-atollic-eabi/lib/armv7e-m/fpu\libc_nano.a(lib_a-reent.o)
 .debug_frame   0x00002b78       0xac c:/program files (x86)/atollic/truestudio for stm32 9.2.0/armtools/bin/../lib/gcc/arm-atollic-eabi/6.3.1/armv7e-m/fpu\libgcc.a(_arm_addsubdf3.o)
 .debug_frame   0x00002c24       0x50 c:/program files (x86)/atollic/truestudio for stm32 9.2.0/armtools/bin/../lib/gcc/arm-atollic-eabi/6.3.1/armv7e-m/fpu\libgcc.a(_arm_muldivdf3.o)
 .debug_frame   0x00002c74       0x24 c:/program files (x86)/atollic/truestudio for stm32 9.2.0/armtools/bin/../lib/gcc/arm-atollic-eabi/6.3.1/armv7e-m/fpu\libgcc.a(_arm_truncdfsf2.o)
 .debug_frame   0x00002c98       0x20 c:/program files (x86)/atollic/truestudio for stm32 9.2.0/armtools/bin/../lib/gcc/arm-atollic-eabi/6.3.1/../../../../arm-atollic-eabi/lib/armv7e-m/fpu\libnosys.a(sbrk.o)
